python : 2025-11-24 03:30:45,918 - INFO - \u2705 Intelligence graph compiled with parallel and single paths
At line:1 char:1
+ python validate_langgraph_refactor.py 2>&1 | Out-File -FilePath test_ ...
+ ~~~~~~~~~~~~~~~~~~~~~~~~~~~~~~~~~~~~~~~~~~
    + CategoryInfo          : NotSpecified: (2025-11-24 03:3...nd single paths:String) [], RemoteException
    + FullyQualifiedErrorId : NativeCommandError
 
2025-11-24 03:30:46,072 - INFO - QatarOpenDataScraperV2 initialized (API: https://www.data.gov.qa/api/explore/v2.1)
2025-11-24 03:30:47,989 - INFO - Using enhanced synthetic GCC data for 2024-2024
2025-11-24 03:30:47,995 - INFO - Generated 24 GCC labour market records
2025-11-24 03:30:58,217 - ERROR - \u274c Synthesis failed: 'NoneType' object has no attribute 'get', using emergency fallback
Traceback (most recent call last):
  File "D:\lmis_int\src\qnwis\orchestration\nodes\synthesis_ministerial.py", line 532, in ministerial_synthesis_node

================================================================================
LANGGRAPH REFACTOR VALIDATION SUITE
================================================================================

================================================================================
TEST 1: Unicode-Safe Console Output
================================================================================
   [OK] ASCII checkmarks working
   [FAIL] Error indicators working
   [WARN] Warning indicators working

[OK] Unicode-safe output: PASS

================================================================================
TEST 2: Feature Flag System
================================================================================
   With IMPL=legacy: legacy
   With IMPL=langgraph: langgraph
   With IMPL=invalid: legacy (should default to legacy)

[OK] Feature flags: PASS

================================================================================
TEST 3: Conditional Routing
================================================================================

   Testing simple query routing...
 Brave API: 
 Perplexity API: 
 Semantic Scholar API: 
 IMF API: 
 UN Comtrade API: 
 FRED API: 
 World Bank API: 
 UNCTAD API: 
 ILO ILOSTAT API: 
 FAO STAT API: 
 UNWTO Tourism API: 
 IEA Energy API: 
 PostgreSQL: 
 Triggering: Regional sources (GCC-STAT, Perplexity)

 Executing 2 unique parallel API calls...
 GCC-STAT: Fetching live data...
 Perplexity: Analyzing GCC competition...
   Retrieved 12 facts from GCC-STAT
   Perplexity GCC status: 200
   Perplexity GCC response: Qatar currently leads the Gulf Cooperation Council (GCC) in labor market efficiency, posting the low...

 Total facts extracted: 13
    exec_summary = _generate_executive_summary(state)
                   ^^^^^^^^^^^^^^^^^^^^^^^^^^^^^^^^^^
  File "D:\lmis_int\src\qnwis\orchestration\nodes\synthesis_ministerial.py", line 437, in _generate_executive_summary
    contradictions = debate_results.get("contradictions_found", 0)
                     ^^^^^^^^^^^^^^^^^^
AttributeError: 'NoneType' object has no attribute 'get'

During handling of the above exception, another exception occurred:

Traceback (most recent call last):
  File "D:\lmis_int\validate_langgraph_refactor.py", line 225, in <module>
    asyncio.run(main())
  File "C:\Program Files\Python311\Lib\asyncio\runners.py", line 190, in run
    return runner.run(main)
           ^^^^^^^^^^^^^^^^
  File "C:\Program Files\Python311\Lib\asyncio\runners.py", line 118, in run
    return self._loop.run_until_complete(task)
           ^^^^^^^^^^^^^^^^^^^^^^^^^^^^^^^^^^^
  File "C:\Program Files\Python311\Lib\asyncio\base_events.py", line 654, in run_until_complete
    return future.result()
           ^^^^^^^^^^^^^^^
  File "D:\lmis_int\validate_langgraph_refactor.py", line 199, in main
    results.append(("Conditional Routing", await test_conditional_routing()))
                                           ^^^^^^^^^^^^^^^^^^^^^^^^^^^^^^^^
  File "D:\lmis_int\validate_langgraph_refactor.py", line 87, in test_conditional_routing
    simple_result = await run_intelligence_query(
                    ^^^^^^^^^^^^^^^^^^^^^^^^^^^^^
  File "D:\lmis_int\src\qnwis\orchestration\workflow.py", line 342, in run_intelligence_query
    result = await graph.ainvoke(initial_state)
             ^^^^^^^^^^^^^^^^^^^^^^^^^^^^^^^^^^
  File "C:\Users\admin-salim\AppData\Roaming\Python\Python311\site-packages\langgraph\pregel\main.py", line 3182, in ainvoke
    async for chunk in self.astream(
  File "C:\Users\admin-salim\AppData\Roaming\Python\Python311\site-packages\langgraph\pregel\main.py", line 3000, in astream
    async for _ in runner.atick(
  File "C:\Users\admin-salim\AppData\Roaming\Python\Python311\site-packages\langgraph\pregel\_runner.py", line 304, in atick
    await arun_with_retry(
  File "C:\Users\admin-salim\AppData\Roaming\Python\Python311\site-packages\langgraph\pregel\_retry.py", line 137, in arun_with_retry
    return await task.proc.ainvoke(task.input, config)
           ^^^^^^^^^^^^^^^^^^^^^^^^^^^^^^^^^^^^^^^^^^^
  File "C:\Users\admin-salim\AppData\Roaming\Python\Python311\site-packages\langgraph\_internal\_runnable.py", line 705, in ainvoke
    input = await asyncio.create_task(
            ^^^^^^^^^^^^^^^^^^^^^^^^^^
  File "C:\Users\admin-salim\AppData\Roaming\Python\Python311\site-packages\langgraph\_internal\_runnable.py", line 473, in ainvoke
    ret = await self.afunc(*args, **kwargs)
          ^^^^^^^^^^^^^^^^^^^^^^^^^^^^^^^^^
  File "C:\Users\admin-salim\AppData\Roaming\Python\Python311\site-packages\langchain_core\runnables\config.py", line 603, in run_in_executor
    return await asyncio.get_running_loop().run_in_executor(
           ^^^^^^^^^^^^^^^^^^^^^^^^^^^^^^^^^^^^^^^^^^^^^^^^^
  File "C:\Program Files\Python311\Lib\concurrent\futures\thread.py", line 58, in run
    result = self.fn(*self.args, **self.kwargs)
             ^^^^^^^^^^^^^^^^^^^^^^^^^^^^^^^^^^
  File "C:\Users\admin-salim\AppData\Roaming\Python\Python311\site-packages\langchain_core\runnables\config.py", line 594, in wrapper
    return func(*args, **kwargs)
           ^^^^^^^^^^^^^^^^^^^^^
  File "D:\lmis_int\src\qnwis\orchestration\nodes\synthesis_ministerial.py", line 599, in ministerial_synthesis_node
    **Status:** Analysis completed with {state.get('debate_results', {}).get('total_turns', 0)} debate turns.
                                         ^^^^^^^^^^^^^^^^^^^^^^^^^^^^^^^^^^^
AttributeError: 'NoneType' object has no attribute 'get'
During task with name 'synthesis' and id '02056d0c-6b33-eed4-3b8f-e2d981b4ae1c'
